           Time    Speed        Read     Read   Mapped   Mapped   Mapped   Mapped Unmapped Unmapped Unmapped Unmapped
                    M/hr      number   length   unique   length   MMrate    multi   multi+       MM    short    other
Jan 17 07:57:44	Started 1st pass mapping
Jan 17 07:58:01     21.3      100634      200     0.1%    198.7     0.2%     0.0%     0.0%     0.0%     0.5%    99.4%
Jan 17 07:59:03     77.6     1703210      200     0.1%    197.6     0.2%     0.0%     0.0%     0.0%     0.6%    99.3%
Jan 17 08:00:03     85.3     3295332      200     0.1%    197.7     0.2%     0.0%     0.0%     0.0%     0.6%    99.3%
Jan 17 08:01:04     88.0     4886947      200     0.1%    197.6     0.2%     0.0%     0.0%     0.0%     0.6%    99.3%
Jan 17 08:02:04     88.3     6379441      200     0.1%    197.7     0.2%     0.0%     0.0%     0.0%     0.6%    99.3%
Jan 17 08:03:06     89.1     7971382      200     0.1%    197.7     0.2%     0.0%     0.0%     0.0%     0.6%    99.3%
Jan 17 08:04:08     89.7     9563425      200     0.1%    197.5     0.2%     0.0%     0.0%     0.0%     0.6%    99.3%
Jan 17 08:05:10     90.0    11144437      200     0.1%    197.5     0.2%     0.0%     0.0%     0.0%     0.6%    99.3%
Jan 17 08:06:11     90.3    12720328      200     0.1%    197.5     0.3%     0.0%     0.0%     0.0%     0.6%    99.3%
Jan 17 08:07:16     90.0    14296658      200     0.1%    197.5     0.2%     0.0%     0.0%     0.0%     0.6%    99.3%
Jan 17 08:08:17     90.8    15972241      200     0.1%    197.5     0.2%     0.0%     0.0%     0.0%     0.6%    99.3%
Jan 17 08:09:22     90.5    17548994      200     0.1%    197.5     0.2%     0.0%     0.0%     0.0%     0.6%    99.3%
Jan 17 08:10:22     90.8    19125644      200     0.1%    197.5     0.2%     0.0%     0.0%     0.0%     0.6%    99.3%
Jan 17 08:11:24     91.3    20800879      200     0.1%    197.4     0.3%     0.0%     0.0%     0.0%     0.6%    99.3%
Jan 17 08:12:28     91.5    22475990      200     0.1%    197.4     0.3%     0.0%     0.0%     0.0%     0.6%    99.3%
Jan 17 08:13:28     91.7    24052251      200     0.1%    197.4     0.3%     0.0%     0.0%     0.0%     0.6%    99.3%
Jan 17 08:14:29     91.8    25628660      200     0.1%    197.4     0.3%     0.0%     0.0%     0.0%     0.6%    99.3%
Jan 17 08:15:29     92.0    27204884      200     0.1%    197.5     0.3%     0.0%     0.0%     0.0%     0.6%    99.3%
Jan 17 08:16:30     91.4    28584460      200     0.1%    197.5     0.3%     0.0%     0.0%     0.0%     0.6%    99.3%
Jan 17 08:17:30     91.6    30160935      200     0.1%    197.5     0.3%     0.0%     0.0%     0.0%     0.6%    99.3%
Jan 17 08:18:31     91.6    31737544      200     0.1%    197.5     0.3%     0.0%     0.0%     0.0%     0.6%    99.3%
Jan 17 08:19:33     91.9    33412651      200     0.1%    197.4     0.3%     0.0%     0.0%     0.0%     0.6%    99.3%
Jan 17 08:20:35     91.9    34989515      200     0.1%    197.4     0.3%     0.0%     0.0%     0.0%     0.6%    99.3%
Jan 17 08:21:37     92.1    36663960      200     0.1%    197.4     0.3%     0.0%     0.0%     0.0%     0.6%    99.3%
Jan 17 08:22:37     92.4    38339176      200     0.1%    197.4     0.3%     0.0%     0.0%     0.0%     0.6%    99.3%
Jan 17 08:23:37     92.5    39916130      200     0.1%    197.4     0.3%     0.0%     0.0%     0.0%     0.6%    99.3%
Jan 17 08:24:48     92.4    41690350      200     0.1%    197.4     0.3%     0.0%     0.0%     0.0%     0.6%    99.3%
Jan 17 08:25:49     92.4    43266738      200     0.1%    197.4     0.3%     0.0%     0.0%     0.0%     0.6%    99.3%
Jan 17 08:26:49     92.7    44942157      200     0.1%    197.4     0.3%     0.0%     0.0%     0.0%     0.6%    99.3%
Jan 17 08:27:49     93.0    46617429      200     0.1%    197.4     0.3%     0.0%     0.0%     0.0%     0.6%    99.3%
Jan 17 08:28:49     92.8    48094920      200     0.1%    197.4     0.3%     0.0%     0.0%     0.0%     0.6%    99.3%
Jan 17 08:29:49     92.7    49572712      200     0.1%    197.4     0.3%     0.0%     0.0%     0.0%     0.6%    99.3%
Jan 17 08:30:50     92.5    51050528      200     0.1%    197.4     0.3%     0.0%     0.0%     0.0%     0.6%    99.3%
Jan 17 08:31:55     92.4    52626635      200     0.1%    197.4     0.3%     0.0%     0.0%     0.0%     0.6%    99.3%
Jan 17 08:32:56     92.1    54006198      200     0.1%    197.4     0.3%     0.0%     0.0%     0.0%     0.6%    99.3%
Jan 17 08:34:11     90.2    54795111      200     0.1%    197.4     0.3%     0.0%     0.0%     0.0%     0.6%    99.3%
Jan 17 08:35:19     88.7    55582822      200     0.1%    197.3     0.3%     0.0%     0.0%     0.0%     0.6%    99.3%
Jan 17 08:36:20     88.8    57159252      200     0.1%    197.3     0.3%     0.0%     0.0%     0.0%     0.6%    99.3%
Jan 17 08:37:33     87.2    57849666      200     0.1%    197.3     0.3%     0.0%     0.0%     0.0%     0.6%    99.3%
Jan 17 08:38:47     85.7    58637825      200     0.1%    197.3     0.3%     0.0%     0.0%     0.0%     0.6%    99.3%
Jan 17 08:39:48     85.2    59721847      200     0.1%    197.3     0.3%     0.0%     0.0%     0.0%     0.6%    99.3%
Jan 17 08:40:49     85.2    61199885      200     0.1%    197.3     0.3%     0.0%     0.0%     0.0%     0.6%    99.3%
Jan 17 08:41:49     85.2    62579416      200     0.1%    197.3     0.3%     0.0%     0.0%     0.0%     0.6%    99.3%
Jan 17 08:42:51     84.9    63860351      200     0.1%    197.3     0.3%     0.0%     0.0%     0.0%     0.6%    99.3%
Jan 17 08:43:57     85.0    65437032      200     0.1%    197.3     0.3%     0.0%     0.0%     0.0%     0.6%    99.3%
Jan 17 08:45:01     84.9    66914923      200     0.1%    197.3     0.3%     0.0%     0.0%     0.0%     0.6%    99.3%
Jan 17 08:46:02     85.0    68392730      200     0.1%    197.3     0.3%     0.0%     0.0%     0.0%     0.6%    99.3%
Jan 17 08:47:03     84.9    69771697      200     0.1%    197.3     0.3%     0.0%     0.0%     0.0%     0.6%    99.3%
Jan 17 08:48:03     85.0    71250790      200     0.1%    197.3     0.3%     0.0%     0.0%     0.0%     0.6%    99.3%
Jan 17 08:48:17	Finished 1st pass mapping
Jan 17 08:49:29     64.2     1105545      200     0.1%    197.3     0.2%     0.0%     0.0%     0.0%     0.6%    99.3%
Jan 17 08:50:31     66.8     2299711      200     0.1%    197.5     0.2%     0.0%     0.0%     0.0%     0.6%    99.3%
Jan 17 08:51:31     68.4     3493989      200     0.1%    197.7     0.2%     0.0%     0.0%     0.0%     0.6%    99.3%
Jan 17 08:52:42     71.8     5085600      200     0.1%    197.7     0.2%     0.0%     0.0%     0.0%     0.6%    99.3%
Jan 17 08:53:51     74.2     6677420      200     0.1%    197.7     0.2%     0.0%     0.0%     0.0%     0.6%    99.3%
Jan 17 08:54:57     76.3     8269364      200     0.1%    197.6     0.2%     0.0%     0.0%     0.0%     0.6%    99.3%
Jan 17 08:55:59     77.0     9662752      200     0.1%    197.5     0.2%     0.0%     0.0%     0.0%     0.6%    99.3%
Jan 17 08:57:01     78.1    11144437      200     0.1%    197.5     0.3%     0.0%     0.0%     0.0%     0.6%    99.3%
Jan 17 08:58:02     79.0    12621962      200     0.1%    197.5     0.3%     0.0%     0.0%     0.0%     0.6%    99.3%
Jan 17 08:59:07     78.8    14001238      200     0.1%    197.5     0.2%     0.0%     0.0%     0.0%     0.6%    99.3%
Jan 17 09:00:07     79.6    15479032      200     0.1%    197.5     0.2%     0.0%     0.0%     0.0%     0.6%    99.3%
Jan 17 09:01:07     79.4    16760008      200     0.1%    197.5     0.2%     0.0%     0.0%     0.0%     0.6%    99.3%
Jan 17 09:02:17     79.5    18336500      200     0.1%    197.5     0.2%     0.0%     0.0%     0.0%     0.6%    99.3%
Jan 17 09:03:24     79.9    19913116      200     0.1%    197.5     0.2%     0.0%     0.0%     0.0%     0.6%    99.3%
Jan 17 09:04:32     80.2    21489858      200     0.1%    197.4     0.3%     0.0%     0.0%     0.0%     0.6%    99.3%
Jan 17 09:05:32     80.3    22869959      200     0.1%    197.4     0.3%     0.0%     0.0%     0.0%     0.6%    99.3%
Jan 17 09:06:33     80.4    24249272      200     0.1%    197.4     0.3%     0.0%     0.0%     0.0%     0.6%    99.3%
Jan 17 09:07:33     80.8    25727024      200     0.1%    197.4     0.3%     0.0%     0.0%     0.0%     0.6%    99.3%
Jan 17 09:08:35     80.5    27008154      200     0.1%    197.5     0.3%     0.0%     0.0%     0.0%     0.6%    99.3%
Jan 17 09:09:42     80.7    28584460      200     0.1%    197.5     0.3%     0.0%     0.0%     0.0%     0.6%    99.3%
Jan 17 09:10:49     80.9    30160935      200     0.1%    197.5     0.3%     0.0%     0.0%     0.0%     0.6%    99.3%
Jan 17 09:11:49     80.7    31442447      200     0.1%    197.5     0.3%     0.0%     0.0%     0.0%     0.6%    99.3%
Jan 17 09:12:56     80.9    33019131      200     0.1%    197.4     0.3%     0.0%     0.0%     0.0%     0.6%    99.3%
Jan 17 09:14:03     81.1    34595513      200     0.1%    197.5     0.3%     0.0%     0.0%     0.0%     0.6%    99.3%
Jan 17 09:15:11     81.2    36171833      200     0.1%    197.4     0.3%     0.0%     0.0%     0.0%     0.6%    99.3%
Jan 17 09:16:12     81.4    37649906      200     0.1%    197.4     0.3%     0.0%     0.0%     0.0%     0.6%    99.3%
Jan 17 09:17:12     81.5    39029439      200     0.1%    197.4     0.3%     0.0%     0.0%     0.0%     0.6%    99.3%
Jan 17 09:18:15     81.6    40507362      200     0.1%    197.4     0.3%     0.0%     0.0%     0.0%     0.6%    99.3%
Jan 17 09:19:24     81.6    42083868      200     0.1%    197.4     0.3%     0.0%     0.0%     0.0%     0.6%    99.3%
Jan 17 09:20:25     81.8    43562114      200     0.1%    197.5     0.3%     0.0%     0.0%     0.0%     0.6%    99.3%
Jan 17 09:21:26     81.8    44942157      200     0.1%    197.4     0.3%     0.0%     0.0%     0.0%     0.6%    99.3%
Jan 17 09:22:29     81.8    46420054      200     0.1%    197.4     0.3%     0.0%     0.0%     0.0%     0.6%    99.3%
Jan 17 09:23:36     81.9    47996235      200     0.1%    197.4     0.3%     0.0%     0.0%     0.0%     0.6%    99.3%
Jan 17 09:24:40     82.1    49572712      200     0.1%    197.4     0.3%     0.0%     0.0%     0.0%     0.6%    99.3%
Jan 17 09:25:42     82.4    51148898      200     0.1%    197.4     0.3%     0.0%     0.0%     0.0%     0.6%    99.3%
Jan 17 09:26:43     82.5    52626635      200     0.1%    197.4     0.3%     0.0%     0.0%     0.0%     0.6%    99.3%
Jan 17 09:27:45     82.5    54006198      200     0.1%    197.4     0.3%     0.0%     0.0%     0.0%     0.6%    99.3%
Jan 17 09:28:53     81.2    54696427      200     0.1%    197.4     0.3%     0.0%     0.0%     0.0%     0.6%    99.3%
Jan 17 09:30:04     80.0    55484451      200     0.1%    197.4     0.3%     0.0%     0.0%     0.0%     0.7%    99.2%
Jan 17 09:31:05     79.9    56765772      200     0.1%    197.3     0.3%     0.0%     0.0%     0.0%     0.7%    99.2%
Jan 17 09:32:09     79.3    57750980      200     0.1%    197.3     0.3%     0.0%     0.0%     0.0%     0.7%    99.2%
Jan 17 09:33:11     78.1    58244344      200     0.1%    197.3     0.3%     0.0%     0.0%     0.0%     0.7%    99.2%
Jan 17 09:34:25     77.1    59031690      200     0.1%    197.3     0.3%     0.0%     0.0%     0.0%     0.7%    99.2%
Jan 17 09:35:33     77.1    60509366      200     0.1%    197.3     0.3%     0.0%     0.0%     0.0%     0.7%    99.2%
Jan 17 09:36:33     77.3    61987522      200     0.1%    197.3     0.3%     0.0%     0.0%     0.0%     0.7%    99.2%
Jan 17 09:37:36     77.2    63268405      200     0.1%    197.3     0.3%     0.0%     0.0%     0.0%     0.7%    99.2%
Jan 17 09:38:37     77.4    64746119      200     0.1%    197.3     0.3%     0.0%     0.0%     0.0%     0.7%    99.2%
Jan 17 09:39:39     77.4    66027394      200     0.1%    197.3     0.3%     0.0%     0.0%     0.0%     0.7%    99.2%
Jan 17 09:40:46     77.5    67604039      200     0.1%    197.3     0.3%     0.0%     0.0%     0.0%     0.7%    99.2%
Jan 17 09:41:46     77.7    69082483      200     0.1%    197.3     0.3%     0.0%     0.0%     0.0%     0.7%    99.2%
Jan 17 09:42:49     77.8    70462498      200     0.1%    197.3     0.3%     0.0%     0.0%     0.0%     0.7%    99.2%
ALL DONE!
