STAR version=2.7.2d
STAR compilation time,server,dir=mÃ¥n jan 16 16:50:46 CET 2023 r94.uppmax.uu.se:/proj/snic2022-22-634/nobackup/jakub/circ_test/star_2.7.2d/STAR-2.7.2d/source
##### Command Line:
star_2.7.2d/STAR-2.7.2d/source/STAR --genomeDir mbl_locus_star_genome --readFilesCommand gunzip -c --readFilesIn SRR1197328_1.fastq.gz SRR1197328_2.fastq.gz --runThreadN 4 --chimSegmentMin 20 --chimScoreMin 1 --alignIntronMax 1000000 --outFilterMismatchNoverReadLmax 0.02 --alignTranscriptsPerReadNmax 100000 --twopassMode Basic --outSAMtype BAM SortedByCoordinate --chimOutType Junctions SeparateSAMold --outFilterMultimapNmax 2 --outFileNamePrefix STAR_SRR1197328/
##### Initial USER parameters from Command Line:
outFileNamePrefix                 STAR_SRR1197328/
###### All USER parameters from Command Line:
genomeDir                     mbl_locus_star_genome     ~RE-DEFINED
readFilesCommand              gunzip   -c        ~RE-DEFINED
readFilesIn                   SRR1197328_1.fastq.gz   SRR1197328_2.fastq.gz        ~RE-DEFINED
runThreadN                    4     ~RE-DEFINED
chimSegmentMin                20     ~RE-DEFINED
chimScoreMin                  1     ~RE-DEFINED
alignIntronMax                1000000     ~RE-DEFINED
outFilterMismatchNoverReadLmax0.02     ~RE-DEFINED
alignTranscriptsPerReadNmax   100000     ~RE-DEFINED
twopassMode                   Basic     ~RE-DEFINED
outSAMtype                    BAM   SortedByCoordinate        ~RE-DEFINED
chimOutType                   Junctions   SeparateSAMold        ~RE-DEFINED
outFilterMultimapNmax         2     ~RE-DEFINED
outFileNamePrefix             STAR_SRR1197328/     ~RE-DEFINED
##### Finished reading parameters from all sources

##### Final user re-defined parameters-----------------:
runThreadN                        4
genomeDir                         mbl_locus_star_genome
readFilesIn                       SRR1197328_1.fastq.gz   SRR1197328_2.fastq.gz   
readFilesCommand                  gunzip   -c   
outFileNamePrefix                 STAR_SRR1197328/
outSAMtype                        BAM   SortedByCoordinate   
outFilterMultimapNmax             2
outFilterMismatchNoverReadLmax    0.02
alignIntronMax                    1000000
alignTranscriptsPerReadNmax       100000
chimSegmentMin                    20
chimScoreMin                      1
chimOutType                       Junctions   SeparateSAMold   
twopassMode                       Basic

-------------------------------
##### Final effective command line:
star_2.7.2d/STAR-2.7.2d/source/STAR   --runThreadN 4   --genomeDir mbl_locus_star_genome   --readFilesIn SRR1197328_1.fastq.gz   SRR1197328_2.fastq.gz      --readFilesCommand gunzip   -c      --outFileNamePrefix STAR_SRR1197328/   --outSAMtype BAM   SortedByCoordinate      --outFilterMultimapNmax 2   --outFilterMismatchNoverReadLmax 0.02   --alignIntronMax 1000000   --alignTranscriptsPerReadNmax 100000   --chimSegmentMin 20   --chimScoreMin 1   --chimOutType Junctions   SeparateSAMold      --twopassMode Basic
----------------------------------------


   Input read files for mate 1, from input string SRR1197328_1.fastq.gz
-rw-rw-r-- 1 jacke snic2022-22-634 6120690319 16 jan 15.19 SRR1197328_1.fastq.gz

   readsCommandsFile:
exec > "STAR_SRR1197328/_STARtmp/tmp.fifo.read1"
echo FILE 0
gunzip   -c      "SRR1197328_1.fastq.gz"


   Input read files for mate 2, from input string SRR1197328_2.fastq.gz
-rw-rw-r-- 1 jacke snic2022-22-634 6351479019 16 jan 15.19 SRR1197328_2.fastq.gz

   readsCommandsFile:
exec > "STAR_SRR1197328/_STARtmp/tmp.fifo.read2"
echo FILE 0
gunzip   -c      "SRR1197328_2.fastq.gz"

WARNING: --limitBAMsortRAM=0, will use genome size as RAM limit for BAM sorting
Finished loading and checking parameters
Reading genome generation parameters:
### star_2.7.2d/STAR-2.7.2d/source/STAR   --runMode genomeGenerate   --runThreadN 4   --genomeDir mbl_locus_star_genome   --genomeFastaFiles mbl_locus.fa      --sjdbGTFfile mbl_locus.gtf   --sjdbOverhang 100
### GstrandBit=32
versionGenome                 2.7.1a     ~RE-DEFINED
genomeFastaFiles              mbl_locus.fa        ~RE-DEFINED
genomeSAindexNbases           14     ~RE-DEFINED
genomeChrBinNbits             18     ~RE-DEFINED
genomeSAsparseD               1     ~RE-DEFINED
sjdbOverhang                  100     ~RE-DEFINED
sjdbFileChrStartEnd           -        ~RE-DEFINED
sjdbGTFfile                   mbl_locus.gtf     ~RE-DEFINED
sjdbGTFchrPrefix              -     ~RE-DEFINED
sjdbGTFfeatureExon            exon     ~RE-DEFINED
sjdbGTFtagExonParentTranscripttranscript_id     ~RE-DEFINED
sjdbGTFtagExonParentGene      gene_id     ~RE-DEFINED
sjdbInsertSave                Basic     ~RE-DEFINED
genomeFileSizes               267973   1409763        ~RE-DEFINED
Genome version is compatible with current STAR
Number of real (reference) chromosomes= 1
1	chr2R	165080	0
--sjdbOverhang = 100 taken from the generated genome
Started loading the genome: Tue Jan 17 07:57:41 2023

Genome: size given as a parameter = 267973
SA: size given as a parameter = 1409763
SAindex: size given as a parameter = 1
Read from SAindex: pGe.gSAindexNbases=14  nSAi=357913940
nGenome=267973;  nSAbyte=1409763
GstrandBit=32   SA number of indices=341760
Shared memory is not used for genomes. Allocated a private copy of the genome.
Genome file size: 267973 bytes; state: good=1 eof=0 fail=0 bad=0
Loading Genome ... done! state: good=1 eof=0 fail=0 bad=0; loaded 267973 bytes
SA file size: 1409763 bytes; state: good=1 eof=0 fail=0 bad=0
Loading SA ... done! state: good=1 eof=0 fail=0 bad=0; loaded 1409763 bytes
Loading SAindex ... done: 1565873619 bytes
Finished loading the genome: Tue Jan 17 07:57:44 2023

Processing splice junctions database sjdbN=29,   pGe.sjdbOverhang=100 
To accommodate alignIntronMax=1000000 redefined winBinNbits=18
To accommodate alignIntronMax=1000000 and alignMatesGapMax=0, redefined winFlankNbins=4 and winAnchorDistNbins=8
Created thread # 1
Created thread # 2
Created thread # 3
Starting to map file # 0
mate 1:   SRR1197328_1.fastq.gz
mate 2:   SRR1197328_2.fastq.gz
Thread #0 end of input stream, nextChar=-1
Completed: thread #0
Completed: thread #2
Completed: thread #3
Completed: thread #1
Joined thread # 1
Joined thread # 2
Joined thread # 3
Jan 17 08:48:17   Loaded database junctions from the generated genome mbl_locus_star_genome/sjdbList.out.tab: 29 total junctions

Jan 17 08:48:17   Loaded database junctions from the 1st pass file: STAR_SRR1197328/_STARpass1//SJ.out.tab: 95 total junctions

Jan 17 08:48:17   Finished preparing junctions
Jan 17 08:48:17 ..... inserting junctions into the genome indices
Jan 17 08:48:17   Finished SA search: number of new junctions=51, old junctions=29
Jan 17 08:48:17   Finished sorting SA indicesL nInd=20400
Genome size with junctions=278224  262144   16080
GstrandBit1=32   GstrandBit=32
Jan 17 08:48:17   Finished inserting junction indices
Jan 17 08:48:26   Finished SAi
Jan 17 08:48:26 ..... finished inserting junctions into genome

   Input read files for mate 1, from input string SRR1197328_1.fastq.gz
-rw-rw-r-- 1 jacke snic2022-22-634 6120690319 16 jan 15.19 SRR1197328_1.fastq.gz

   readsCommandsFile:
exec > "STAR_SRR1197328/_STARtmp/tmp.fifo.read1"
echo FILE 0
gunzip   -c      "SRR1197328_1.fastq.gz"


   Input read files for mate 2, from input string SRR1197328_2.fastq.gz
-rw-rw-r-- 1 jacke snic2022-22-634 6351479019 16 jan 15.19 SRR1197328_2.fastq.gz

   readsCommandsFile:
exec > "STAR_SRR1197328/_STARtmp/tmp.fifo.read2"
echo FILE 0
gunzip   -c      "SRR1197328_2.fastq.gz"

Opening the file: STAR_SRR1197328/_STARtmp//Chimeric.out.sam.thread0 ... ok
Opening the file: STAR_SRR1197328/_STARtmp//Chimeric.out.junction.thread0 ... ok
Opening the file: STAR_SRR1197328/_STARtmp//Chimeric.out.sam.thread1 ... ok
Opening the file: STAR_SRR1197328/_STARtmp//Chimeric.out.junction.thread1 ... ok
Opening the file: STAR_SRR1197328/_STARtmp//Chimeric.out.sam.thread2 ... ok
Opening the file: STAR_SRR1197328/_STARtmp//Chimeric.out.junction.thread2 ... ok
Opening the file: STAR_SRR1197328/_STARtmp//Chimeric.out.sam.thread3 ... ok
Opening the file: STAR_SRR1197328/_STARtmp//Chimeric.out.junction.thread3 ... ok
Created thread # 1
Created thread # 2
Starting to map file # 0
mate 1:   SRR1197328_1.fastq.gz
mate 2:   SRR1197328_2.fastq.gz
Created thread # 3
Thread #0 end of input stream, nextChar=-1
BAM sorting: 37452 mapped reads
BAM sorting bins genomic start loci:
1	0	17287
2	0	17380
3	0	17500
4	0	17656
5	0	17762
6	0	17872
7	0	17970
8	0	18105
9	0	18228
10	0	18302
11	0	18380
12	0	18451
13	0	18563
14	0	18722
15	0	18879
16	0	19035
17	0	19150
18	0	19295
19	0	19442
20	0	19637
21	0	19787
22	0	19925
23	0	20065
24	0	20182
25	0	20325
26	0	20459
27	0	20577
28	0	20755
29	0	20938
30	0	21057
31	0	21182
32	0	21326
33	0	21508
34	0	21671
35	0	21801
36	0	46145
37	0	48540
38	0	55932
39	0	56252
40	0	57875
41	0	77614
42	0	101203
43	0	118828
44	0	134948
45	0	145303
46	0	154770
47	0	156326
48	0	157870
Completed: thread #0
Completed: thread #1
Joined thread # 1
Completed: thread #3
Completed: thread #2
Joined thread # 2
Joined thread # 3
Jan 17 09:43:27 ..... started sorting BAM
Max memory needed for sorting = 844134
ALL DONE!
